==> headr/tests/inputs/empty.txt <==

==> headr/tests/inputs/one.txt <==
one

==> headr/tests/inputs/two.txt <==
one

==> headr/tests/inputs/three.txt <==
one

==> headr/tests/inputs/ten.txt <==
one
