==> headr/tests/inputs/empty.txt <==

==> headr/tests/inputs/one.txt <==
on
==> headr/tests/inputs/two.txt <==
on
==> headr/tests/inputs/three.txt <==
on
==> headr/tests/inputs/ten.txt <==
on