one-line text
three
lines
text
multiple
lines

text
