     1	one-line text
     1	three
     2	lines
     3	text
     1	multiple
     2	lines

     3	text
